// Jest Snapshot v1, https://goo.gl/fbAQLP

exports[`renders without crashing 1`] = `
<ThemeProvider>
  <div
    className="App"
  >
    <Heading>
      Redux: 
      Hello
    </Heading>
  </div>
</ThemeProvider>
`;
